- The project is out-of-sync -- use `renv::status()` for details.

==============================================================================
RUN  scripts/08_model_advanced.R   (16:14:58)
==============================================================================
- The project is out-of-sync -- use `renv::status()` for details.
ΓöÇΓöÇ Attaching core tidyverse packages ΓöÇΓöÇΓöÇΓöÇΓöÇΓöÇΓöÇΓöÇΓöÇΓöÇΓöÇΓöÇΓöÇΓöÇΓöÇΓöÇΓöÇΓöÇΓöÇΓöÇΓöÇΓöÇΓöÇΓöÇ tidyverse 2.0.0 ΓöÇΓöÇ
Γ£ö dplyr     1.1.4     Γ£ö readr     2.1.5
Γ£ö forcats   1.0.1     Γ£ö stringr   1.5.2
Γ£ö ggplot2   4.0.1     Γ£ö tibble    3.3.0
Γ£ö lubridate 1.9.4     Γ£ö tidyr     1.3.1
Γ£ö purrr     1.2.0     
ΓöÇΓöÇ Conflicts ΓöÇΓöÇΓöÇΓöÇΓöÇΓöÇΓöÇΓöÇΓöÇΓöÇΓöÇΓöÇΓöÇΓöÇΓöÇΓöÇΓöÇΓöÇΓöÇΓöÇΓöÇΓöÇΓöÇΓöÇΓöÇΓöÇΓöÇΓöÇΓöÇΓöÇΓöÇΓöÇΓöÇΓöÇΓöÇΓöÇΓöÇΓöÇΓöÇΓöÇΓöÇΓöÇ tidyverse_conflicts() ΓöÇΓöÇ
Γ£û dplyr::filter() masks stats::filter()
Γ£û dplyr::lag()    masks stats::lag()
Γä╣ Use the conflicted package (<http://conflicted.r-lib.org/>) to force all conflicts to become errors
Loading required package: lattice

Attaching package: 'caret'

The following object is masked from 'package:purrr':

    lift


Attaching package: 'xgboost'

The following object is masked from 'package:dplyr':

    slice

Using 14 threads within a single R session
Train 2017-2024: 196674 rows
Test  2025-2026: 41061 rows
CV fold 1: train 64052 rows -> validate Val2020 (23313 rows)
CV fold 2: train 87365 rows -> validate Val2021 (29052 rows)
CV fold 3: train 116417 rows -> validate Val2022 (26702 rows)
CV fold 4: train 143119 rows -> validate Val2023 (25740 rows)
CV fold 5: train 168859 rows -> validate Val2024 (27815 rows)
+ Val2020: mtry=20, splitrule=variance, min.node.size=3 
- Val2020: mtry=20, splitrule=variance, min.node.size=3 
+ Val2020: mtry=30, splitrule=variance, min.node.size=3 
- Val2020: mtry=30, splitrule=variance, min.node.size=3 
+ Val2020: mtry=40, splitrule=variance, min.node.size=3 
- Val2020: mtry=40, splitrule=variance, min.node.size=3 
+ Val2020: mtry=20, splitrule=variance, min.node.size=5 
- Val2020: mtry=20, splitrule=variance, min.node.size=5 
+ Val2020: mtry=30, splitrule=variance, min.node.size=5 
- Val2020: mtry=30, splitrule=variance, min.node.size=5 
+ Val2020: mtry=40, splitrule=variance, min.node.size=5 
- Val2020: mtry=40, splitrule=variance, min.node.size=5 
+ Val2021: mtry=20, splitrule=variance, min.node.size=3 
- Val2021: mtry=20, splitrule=variance, min.node.size=3 
+ Val2021: mtry=30, splitrule=variance, min.node.size=3 
- Val2021: mtry=30, splitrule=variance, min.node.size=3 
+ Val2021: mtry=40, splitrule=variance, min.node.size=3 
- Val2021: mtry=40, splitrule=variance, min.node.size=3 
+ Val2021: mtry=20, splitrule=variance, min.node.size=5 
- Val2021: mtry=20, splitrule=variance, min.node.size=5 
+ Val2021: mtry=30, splitrule=variance, min.node.size=5 
- Val2021: mtry=30, splitrule=variance, min.node.size=5 
+ Val2021: mtry=40, splitrule=variance, min.node.size=5 
- Val2021: mtry=40, splitrule=variance, min.node.size=5 
+ Val2022: mtry=20, splitrule=variance, min.node.size=3 
- Val2022: mtry=20, splitrule=variance, min.node.size=3 
+ Val2022: mtry=30, splitrule=variance, min.node.size=3 
Growing trees.. Progress: 98%. Estimated remaining time: 0 seconds.
- Val2022: mtry=30, splitrule=variance, min.node.size=3 
+ Val2022: mtry=40, splitrule=variance, min.node.size=3 
Growing trees.. Progress: 73%. Estimated remaining time: 11 seconds.
- Val2022: mtry=40, splitrule=variance, min.node.size=3 
+ Val2022: mtry=20, splitrule=variance, min.node.size=5 
- Val2022: mtry=20, splitrule=variance, min.node.size=5 
+ Val2022: mtry=30, splitrule=variance, min.node.size=5 
- Val2022: mtry=30, splitrule=variance, min.node.size=5 
+ Val2022: mtry=40, splitrule=variance, min.node.size=5 
Growing trees.. Progress: 83%. Estimated remaining time: 6 seconds.
- Val2022: mtry=40, splitrule=variance, min.node.size=5 
+ Val2023: mtry=20, splitrule=variance, min.node.size=3 
Growing trees.. Progress: 100%. Estimated remaining time: 0 seconds.
- Val2023: mtry=20, splitrule=variance, min.node.size=3 
+ Val2023: mtry=30, splitrule=variance, min.node.size=3 
Growing trees.. Progress: 79%. Estimated remaining time: 8 seconds.
- Val2023: mtry=30, splitrule=variance, min.node.size=3 
+ Val2023: mtry=40, splitrule=variance, min.node.size=3 
Growing trees.. Progress: 59%. Estimated remaining time: 21 seconds.
- Val2023: mtry=40, splitrule=variance, min.node.size=3 
+ Val2023: mtry=20, splitrule=variance, min.node.size=5 
- Val2023: mtry=20, splitrule=variance, min.node.size=5 
+ Val2023: mtry=30, splitrule=variance, min.node.size=5 
Growing trees.. Progress: 81%. Estimated remaining time: 7 seconds.
- Val2023: mtry=30, splitrule=variance, min.node.size=5 
+ Val2023: mtry=40, splitrule=variance, min.node.size=5 
Growing trees.. Progress: 64%. Estimated remaining time: 17 seconds.
- Val2023: mtry=40, splitrule=variance, min.node.size=5 
+ Val2024: mtry=20, splitrule=variance, min.node.size=3 
Growing trees.. Progress: 83%. Estimated remaining time: 6 seconds.
- Val2024: mtry=20, splitrule=variance, min.node.size=3 
+ Val2024: mtry=30, splitrule=variance, min.node.size=3 
Growing trees.. Progress: 61%. Estimated remaining time: 19 seconds.
- Val2024: mtry=30, splitrule=variance, min.node.size=3 
+ Val2024: mtry=40, splitrule=variance, min.node.size=3 
Growing trees.. Progress: 47%. Estimated remaining time: 34 seconds.
Growing trees.. Progress: 93%. Estimated remaining time: 4 seconds.
- Val2024: mtry=40, splitrule=variance, min.node.size=3 
+ Val2024: mtry=20, splitrule=variance, min.node.size=5 
Growing trees.. Progress: 88%. Estimated remaining time: 4 seconds.
- Val2024: mtry=20, splitrule=variance, min.node.size=5 
+ Val2024: mtry=30, splitrule=variance, min.node.size=5 
Growing trees.. Progress: 64%. Estimated remaining time: 17 seconds.
- Val2024: mtry=30, splitrule=variance, min.node.size=5 
+ Val2024: mtry=40, splitrule=variance, min.node.size=5 
Growing trees.. Progress: 50%. Estimated remaining time: 30 seconds.
- Val2024: mtry=40, splitrule=variance, min.node.size=5 
Aggregating results
Selecting tuning parameters
Fitting mtry = 40, splitrule = variance, min.node.size = 3 on full training set
Growing trees.. Progress: 38%. Estimated remaining time: 50 seconds.
Growing trees.. Progress: 76%. Estimated remaining time: 20 seconds.
Random Forest 

196674 samples
    12 predictor

No pre-processing
Resampling: Cross-Validated (10 fold) 
Summary of sample sizes: 64052, 87365, 116417, 143119, 168859 
Resampling results across tuning parameters:

  mtry  min.node.size  RMSE        Rsquared   MAE       
  20    3              0.09260223  0.9606895  0.07627058
  20    5              0.09282170  0.9608618  0.07659399
  30    3              0.09150415  0.9603719  0.07487624
  30    5              0.09168981  0.9605694  0.07516768
  40    3              0.09133053  0.9598929  0.07451560
  40    5              0.09154253  0.9600376  0.07477620

Tuning parameter 'splitrule' was held constant at a value of variance
RMSE was used to select the optimal model using the smallest value.
The final values used for the model were mtry = 40, splitrule = variance
 and min.node.size = 3.
+ Val2020: eta=0.05, max_depth= 6, gamma=0, colsample_bytree=0.7, min_child_weight=1, subsample=0.7, nrounds=2000 
[16:35:46] WARNING: src/c_api/c_api.cc:935: `ntree_limit` is deprecated, use `iteration_range` instead.
[16:35:46] WARNING: src/c_api/c_api.cc:935: `ntree_limit` is deprecated, use `iteration_range` instead.
- Val2020: eta=0.05, max_depth= 6, gamma=0, colsample_bytree=0.7, min_child_weight=1, subsample=0.7, nrounds=2000 
+ Val2020: eta=0.05, max_depth= 8, gamma=0, colsample_bytree=0.7, min_child_weight=1, subsample=0.7, nrounds=2000 
[16:36:31] WARNING: src/c_api/c_api.cc:935: `ntree_limit` is deprecated, use `iteration_range` instead.
[16:36:32] WARNING: src/c_api/c_api.cc:935: `ntree_limit` is deprecated, use `iteration_range` instead.
- Val2020: eta=0.05, max_depth= 8, gamma=0, colsample_bytree=0.7, min_child_weight=1, subsample=0.7, nrounds=2000 
+ Val2020: eta=0.05, max_depth=10, gamma=0, colsample_bytree=0.7, min_child_weight=1, subsample=0.7, nrounds=2000 
[16:37:26] WARNING: src/c_api/c_api.cc:935: `ntree_limit` is deprecated, use `iteration_range` instead.
[16:37:27] WARNING: src/c_api/c_api.cc:935: `ntree_limit` is deprecated, use `iteration_range` instead.
- Val2020: eta=0.05, max_depth=10, gamma=0, colsample_bytree=0.7, min_child_weight=1, subsample=0.7, nrounds=2000 
+ Val2020: eta=0.10, max_depth= 6, gamma=0, colsample_bytree=0.7, min_child_weight=1, subsample=0.7, nrounds=2000 
[16:37:57] WARNING: src/c_api/c_api.cc:935: `ntree_limit` is deprecated, use `iteration_range` instead.
[16:37:58] WARNING: src/c_api/c_api.cc:935: `ntree_limit` is deprecated, use `iteration_range` instead.
- Val2020: eta=0.10, max_depth= 6, gamma=0, colsample_bytree=0.7, min_child_weight=1, subsample=0.7, nrounds=2000 
+ Val2020: eta=0.10, max_depth= 8, gamma=0, colsample_bytree=0.7, min_child_weight=1, subsample=0.7, nrounds=2000 
[16:38:39] WARNING: src/c_api/c_api.cc:935: `ntree_limit` is deprecated, use `iteration_range` instead.
[16:38:39] WARNING: src/c_api/c_api.cc:935: `ntree_limit` is deprecated, use `iteration_range` instead.
- Val2020: eta=0.10, max_depth= 8, gamma=0, colsample_bytree=0.7, min_child_weight=1, subsample=0.7, nrounds=2000 
+ Val2020: eta=0.10, max_depth=10, gamma=0, colsample_bytree=0.7, min_child_weight=1, subsample=0.7, nrounds=2000 
[16:39:33] WARNING: src/c_api/c_api.cc:935: `ntree_limit` is deprecated, use `iteration_range` instead.
[16:39:33] WARNING: src/c_api/c_api.cc:935: `ntree_limit` is deprecated, use `iteration_range` instead.
- Val2020: eta=0.10, max_depth=10, gamma=0, colsample_bytree=0.7, min_child_weight=1, subsample=0.7, nrounds=2000 
+ Val2020: eta=0.20, max_depth= 6, gamma=0, colsample_bytree=0.7, min_child_weight=1, subsample=0.7, nrounds=2000 
[16:40:04] WARNING: src/c_api/c_api.cc:935: `ntree_limit` is deprecated, use `iteration_range` instead.
[16:40:04] WARNING: src/c_api/c_api.cc:935: `ntree_limit` is deprecated, use `iteration_range` instead.
- Val2020: eta=0.20, max_depth= 6, gamma=0, colsample_bytree=0.7, min_child_weight=1, subsample=0.7, nrounds=2000 
+ Val2020: eta=0.20, max_depth= 8, gamma=0, colsample_bytree=0.7, min_child_weight=1, subsample=0.7, nrounds=2000 
[16:40:47] WARNING: src/c_api/c_api.cc:935: `ntree_limit` is deprecated, use `iteration_range` instead.
[16:40:47] WARNING: src/c_api/c_api.cc:935: `ntree_limit` is deprecated, use `iteration_range` instead.
- Val2020: eta=0.20, max_depth= 8, gamma=0, colsample_bytree=0.7, min_child_weight=1, subsample=0.7, nrounds=2000 
+ Val2020: eta=0.20, max_depth=10, gamma=0, colsample_bytree=0.7, min_child_weight=1, subsample=0.7, nrounds=2000 
[16:41:40] WARNING: src/c_api/c_api.cc:935: `ntree_limit` is deprecated, use `iteration_range` instead.
[16:41:40] WARNING: src/c_api/c_api.cc:935: `ntree_limit` is deprecated, use `iteration_range` instead.
- Val2020: eta=0.20, max_depth=10, gamma=0, colsample_bytree=0.7, min_child_weight=1, subsample=0.7, nrounds=2000 
+ Val2021: eta=0.05, max_depth= 6, gamma=0, colsample_bytree=0.7, min_child_weight=1, subsample=0.7, nrounds=2000 
[16:42:20] WARNING: src/c_api/c_api.cc:935: `ntree_limit` is deprecated, use `iteration_range` instead.
[16:42:20] WARNING: src/c_api/c_api.cc:935: `ntree_limit` is deprecated, use `iteration_range` instead.
- Val2021: eta=0.05, max_depth= 6, gamma=0, colsample_bytree=0.7, min_child_weight=1, subsample=0.7, nrounds=2000 
+ Val2021: eta=0.05, max_depth= 8, gamma=0, colsample_bytree=0.7, min_child_weight=1, subsample=0.7, nrounds=2000 
[16:43:13] WARNING: src/c_api/c_api.cc:935: `ntree_limit` is deprecated, use `iteration_range` instead.
[16:43:13] WARNING: src/c_api/c_api.cc:935: `ntree_limit` is deprecated, use `iteration_range` instead.
- Val2021: eta=0.05, max_depth= 8, gamma=0, colsample_bytree=0.7, min_child_weight=1, subsample=0.7, nrounds=2000 
+ Val2021: eta=0.05, max_depth=10, gamma=0, colsample_bytree=0.7, min_child_weight=1, subsample=0.7, nrounds=2000 
[16:44:22] WARNING: src/c_api/c_api.cc:935: `ntree_limit` is deprecated, use `iteration_range` instead.
[16:44:22] WARNING: src/c_api/c_api.cc:935: `ntree_limit` is deprecated, use `iteration_range` instead.
- Val2021: eta=0.05, max_depth=10, gamma=0, colsample_bytree=0.7, min_child_weight=1, subsample=0.7, nrounds=2000 
+ Val2021: eta=0.10, max_depth= 6, gamma=0, colsample_bytree=0.7, min_child_weight=1, subsample=0.7, nrounds=2000 
[16:45:03] WARNING: src/c_api/c_api.cc:935: `ntree_limit` is deprecated, use `iteration_range` instead.
[16:45:03] WARNING: src/c_api/c_api.cc:935: `ntree_limit` is deprecated, use `iteration_range` instead.
- Val2021: eta=0.10, max_depth= 6, gamma=0, colsample_bytree=0.7, min_child_weight=1, subsample=0.7, nrounds=2000 
+ Val2021: eta=0.10, max_depth= 8, gamma=0, colsample_bytree=0.7, min_child_weight=1, subsample=0.7, nrounds=2000 
[16:45:57] WARNING: src/c_api/c_api.cc:935: `ntree_limit` is deprecated, use `iteration_range` instead.
[16:45:57] WARNING: src/c_api/c_api.cc:935: `ntree_limit` is deprecated, use `iteration_range` instead.
- Val2021: eta=0.10, max_depth= 8, gamma=0, colsample_bytree=0.7, min_child_weight=1, subsample=0.7, nrounds=2000 
+ Val2021: eta=0.10, max_depth=10, gamma=0, colsample_bytree=0.7, min_child_weight=1, subsample=0.7, nrounds=2000 
[16:47:05] WARNING: src/c_api/c_api.cc:935: `ntree_limit` is deprecated, use `iteration_range` instead.
[16:47:06] WARNING: src/c_api/c_api.cc:935: `ntree_limit` is deprecated, use `iteration_range` instead.
- Val2021: eta=0.10, max_depth=10, gamma=0, colsample_bytree=0.7, min_child_weight=1, subsample=0.7, nrounds=2000 
+ Val2021: eta=0.20, max_depth= 6, gamma=0, colsample_bytree=0.7, min_child_weight=1, subsample=0.7, nrounds=2000 
[16:47:46] WARNING: src/c_api/c_api.cc:935: `ntree_limit` is deprecated, use `iteration_range` instead.
[16:47:46] WARNING: src/c_api/c_api.cc:935: `ntree_limit` is deprecated, use `iteration_range` instead.
- Val2021: eta=0.20, max_depth= 6, gamma=0, colsample_bytree=0.7, min_child_weight=1, subsample=0.7, nrounds=2000 
+ Val2021: eta=0.20, max_depth= 8, gamma=0, colsample_bytree=0.7, min_child_weight=1, subsample=0.7, nrounds=2000 
[16:48:40] WARNING: src/c_api/c_api.cc:935: `ntree_limit` is deprecated, use `iteration_range` instead.
[16:48:40] WARNING: src/c_api/c_api.cc:935: `ntree_limit` is deprecated, use `iteration_range` instead.
- Val2021: eta=0.20, max_depth= 8, gamma=0, colsample_bytree=0.7, min_child_weight=1, subsample=0.7, nrounds=2000 
+ Val2021: eta=0.20, max_depth=10, gamma=0, colsample_bytree=0.7, min_child_weight=1, subsample=0.7, nrounds=2000 
[16:49:48] WARNING: src/c_api/c_api.cc:935: `ntree_limit` is deprecated, use `iteration_range` instead.
[16:49:48] WARNING: src/c_api/c_api.cc:935: `ntree_limit` is deprecated, use `iteration_range` instead.
- Val2021: eta=0.20, max_depth=10, gamma=0, colsample_bytree=0.7, min_child_weight=1, subsample=0.7, nrounds=2000 
+ Val2022: eta=0.05, max_depth= 6, gamma=0, colsample_bytree=0.7, min_child_weight=1, subsample=0.7, nrounds=2000 
[16:50:40] WARNING: src/c_api/c_api.cc:935: `ntree_limit` is deprecated, use `iteration_range` instead.
[16:50:40] WARNING: src/c_api/c_api.cc:935: `ntree_limit` is deprecated, use `iteration_range` instead.
- Val2022: eta=0.05, max_depth= 6, gamma=0, colsample_bytree=0.7, min_child_weight=1, subsample=0.7, nrounds=2000 
+ Val2022: eta=0.05, max_depth= 8, gamma=0, colsample_bytree=0.7, min_child_weight=1, subsample=0.7, nrounds=2000 
[16:51:49] WARNING: src/c_api/c_api.cc:935: `ntree_limit` is deprecated, use `iteration_range` instead.
[16:51:49] WARNING: src/c_api/c_api.cc:935: `ntree_limit` is deprecated, use `iteration_range` instead.
- Val2022: eta=0.05, max_depth= 8, gamma=0, colsample_bytree=0.7, min_child_weight=1, subsample=0.7, nrounds=2000 
+ Val2022: eta=0.05, max_depth=10, gamma=0, colsample_bytree=0.7, min_child_weight=1, subsample=0.7, nrounds=2000 
[16:53:22] WARNING: src/c_api/c_api.cc:935: `ntree_limit` is deprecated, use `iteration_range` instead.
[16:53:22] WARNING: src/c_api/c_api.cc:935: `ntree_limit` is deprecated, use `iteration_range` instead.
- Val2022: eta=0.05, max_depth=10, gamma=0, colsample_bytree=0.7, min_child_weight=1, subsample=0.7, nrounds=2000 
+ Val2022: eta=0.10, max_depth= 6, gamma=0, colsample_bytree=0.7, min_child_weight=1, subsample=0.7, nrounds=2000 
[16:54:16] WARNING: src/c_api/c_api.cc:935: `ntree_limit` is deprecated, use `iteration_range` instead.
[16:54:16] WARNING: src/c_api/c_api.cc:935: `ntree_limit` is deprecated, use `iteration_range` instead.
- Val2022: eta=0.10, max_depth= 6, gamma=0, colsample_bytree=0.7, min_child_weight=1, subsample=0.7, nrounds=2000 
+ Val2022: eta=0.10, max_depth= 8, gamma=0, colsample_bytree=0.7, min_child_weight=1, subsample=0.7, nrounds=2000 
[16:55:27] WARNING: src/c_api/c_api.cc:935: `ntree_limit` is deprecated, use `iteration_range` instead.
[16:55:27] WARNING: src/c_api/c_api.cc:935: `ntree_limit` is deprecated, use `iteration_range` instead.
- Val2022: eta=0.10, max_depth= 8, gamma=0, colsample_bytree=0.7, min_child_weight=1, subsample=0.7, nrounds=2000 
+ Val2022: eta=0.10, max_depth=10, gamma=0, colsample_bytree=0.7, min_child_weight=1, subsample=0.7, nrounds=2000 
[16:57:01] WARNING: src/c_api/c_api.cc:935: `ntree_limit` is deprecated, use `iteration_range` instead.
[16:57:01] WARNING: src/c_api/c_api.cc:935: `ntree_limit` is deprecated, use `iteration_range` instead.
- Val2022: eta=0.10, max_depth=10, gamma=0, colsample_bytree=0.7, min_child_weight=1, subsample=0.7, nrounds=2000 
+ Val2022: eta=0.20, max_depth= 6, gamma=0, colsample_bytree=0.7, min_child_weight=1, subsample=0.7, nrounds=2000 
[16:57:55] WARNING: src/c_api/c_api.cc:935: `ntree_limit` is deprecated, use `iteration_range` instead.
[16:57:55] WARNING: src/c_api/c_api.cc:935: `ntree_limit` is deprecated, use `iteration_range` instead.
- Val2022: eta=0.20, max_depth= 6, gamma=0, colsample_bytree=0.7, min_child_weight=1, subsample=0.7, nrounds=2000 
+ Val2022: eta=0.20, max_depth= 8, gamma=0, colsample_bytree=0.7, min_child_weight=1, subsample=0.7, nrounds=2000 
[16:59:08] WARNING: src/c_api/c_api.cc:935: `ntree_limit` is deprecated, use `iteration_range` instead.
[16:59:08] WARNING: src/c_api/c_api.cc:935: `ntree_limit` is deprecated, use `iteration_range` instead.
- Val2022: eta=0.20, max_depth= 8, gamma=0, colsample_bytree=0.7, min_child_weight=1, subsample=0.7, nrounds=2000 
+ Val2022: eta=0.20, max_depth=10, gamma=0, colsample_bytree=0.7, min_child_weight=1, subsample=0.7, nrounds=2000 
[17:00:41] WARNING: src/c_api/c_api.cc:935: `ntree_limit` is deprecated, use `iteration_range` instead.
[17:00:41] WARNING: src/c_api/c_api.cc:935: `ntree_limit` is deprecated, use `iteration_range` instead.
- Val2022: eta=0.20, max_depth=10, gamma=0, colsample_bytree=0.7, min_child_weight=1, subsample=0.7, nrounds=2000 
+ Val2023: eta=0.05, max_depth= 6, gamma=0, colsample_bytree=0.7, min_child_weight=1, subsample=0.7, nrounds=2000 
[17:01:47] WARNING: src/c_api/c_api.cc:935: `ntree_limit` is deprecated, use `iteration_range` instead.
[17:01:47] WARNING: src/c_api/c_api.cc:935: `ntree_limit` is deprecated, use `iteration_range` instead.
- Val2023: eta=0.05, max_depth= 6, gamma=0, colsample_bytree=0.7, min_child_weight=1, subsample=0.7, nrounds=2000 
+ Val2023: eta=0.05, max_depth= 8, gamma=0, colsample_bytree=0.7, min_child_weight=1, subsample=0.7, nrounds=2000 
[17:03:17] WARNING: src/c_api/c_api.cc:935: `ntree_limit` is deprecated, use `iteration_range` instead.
[17:03:17] WARNING: src/c_api/c_api.cc:935: `ntree_limit` is deprecated, use `iteration_range` instead.
- Val2023: eta=0.05, max_depth= 8, gamma=0, colsample_bytree=0.7, min_child_weight=1, subsample=0.7, nrounds=2000 
+ Val2023: eta=0.05, max_depth=10, gamma=0, colsample_bytree=0.7, min_child_weight=1, subsample=0.7, nrounds=2000 
[17:05:09] WARNING: src/c_api/c_api.cc:935: `ntree_limit` is deprecated, use `iteration_range` instead.
[17:05:09] WARNING: src/c_api/c_api.cc:935: `ntree_limit` is deprecated, use `iteration_range` instead.
- Val2023: eta=0.05, max_depth=10, gamma=0, colsample_bytree=0.7, min_child_weight=1, subsample=0.7, nrounds=2000 
+ Val2023: eta=0.10, max_depth= 6, gamma=0, colsample_bytree=0.7, min_child_weight=1, subsample=0.7, nrounds=2000 
[17:06:14] WARNING: src/c_api/c_api.cc:935: `ntree_limit` is deprecated, use `iteration_range` instead.
[17:06:14] WARNING: src/c_api/c_api.cc:935: `ntree_limit` is deprecated, use `iteration_range` instead.
- Val2023: eta=0.10, max_depth= 6, gamma=0, colsample_bytree=0.7, min_child_weight=1, subsample=0.7, nrounds=2000 
+ Val2023: eta=0.10, max_depth= 8, gamma=0, colsample_bytree=0.7, min_child_weight=1, subsample=0.7, nrounds=2000 
[17:07:42] WARNING: src/c_api/c_api.cc:935: `ntree_limit` is deprecated, use `iteration_range` instead.
[17:07:42] WARNING: src/c_api/c_api.cc:935: `ntree_limit` is deprecated, use `iteration_range` instead.
- Val2023: eta=0.10, max_depth= 8, gamma=0, colsample_bytree=0.7, min_child_weight=1, subsample=0.7, nrounds=2000 
+ Val2023: eta=0.10, max_depth=10, gamma=0, colsample_bytree=0.7, min_child_weight=1, subsample=0.7, nrounds=2000 
[17:09:27] WARNING: src/c_api/c_api.cc:935: `ntree_limit` is deprecated, use `iteration_range` instead.
[17:09:27] WARNING: src/c_api/c_api.cc:935: `ntree_limit` is deprecated, use `iteration_range` instead.
- Val2023: eta=0.10, max_depth=10, gamma=0, colsample_bytree=0.7, min_child_weight=1, subsample=0.7, nrounds=2000 
+ Val2023: eta=0.20, max_depth= 6, gamma=0, colsample_bytree=0.7, min_child_weight=1, subsample=0.7, nrounds=2000 
[17:10:29] WARNING: src/c_api/c_api.cc:935: `ntree_limit` is deprecated, use `iteration_range` instead.
[17:10:30] WARNING: src/c_api/c_api.cc:935: `ntree_limit` is deprecated, use `iteration_range` instead.
- Val2023: eta=0.20, max_depth= 6, gamma=0, colsample_bytree=0.7, min_child_weight=1, subsample=0.7, nrounds=2000 
+ Val2023: eta=0.20, max_depth= 8, gamma=0, colsample_bytree=0.7, min_child_weight=1, subsample=0.7, nrounds=2000 
[17:11:52] WARNING: src/c_api/c_api.cc:935: `ntree_limit` is deprecated, use `iteration_range` instead.
[17:11:52] WARNING: src/c_api/c_api.cc:935: `ntree_limit` is deprecated, use `iteration_range` instead.
- Val2023: eta=0.20, max_depth= 8, gamma=0, colsample_bytree=0.7, min_child_weight=1, subsample=0.7, nrounds=2000 
+ Val2023: eta=0.20, max_depth=10, gamma=0, colsample_bytree=0.7, min_child_weight=1, subsample=0.7, nrounds=2000 
[17:13:36] WARNING: src/c_api/c_api.cc:935: `ntree_limit` is deprecated, use `iteration_range` instead.
[17:13:36] WARNING: src/c_api/c_api.cc:935: `ntree_limit` is deprecated, use `iteration_range` instead.
- Val2023: eta=0.20, max_depth=10, gamma=0, colsample_bytree=0.7, min_child_weight=1, subsample=0.7, nrounds=2000 
+ Val2024: eta=0.05, max_depth= 6, gamma=0, colsample_bytree=0.7, min_child_weight=1, subsample=0.7, nrounds=2000 
[17:14:48] WARNING: src/c_api/c_api.cc:935: `ntree_limit` is deprecated, use `iteration_range` instead.
[17:14:48] WARNING: src/c_api/c_api.cc:935: `ntree_limit` is deprecated, use `iteration_range` instead.
- Val2024: eta=0.05, max_depth= 6, gamma=0, colsample_bytree=0.7, min_child_weight=1, subsample=0.7, nrounds=2000 
+ Val2024: eta=0.05, max_depth= 8, gamma=0, colsample_bytree=0.7, min_child_weight=1, subsample=0.7, nrounds=2000 
[17:16:24] WARNING: src/c_api/c_api.cc:935: `ntree_limit` is deprecated, use `iteration_range` instead.
[17:16:24] WARNING: src/c_api/c_api.cc:935: `ntree_limit` is deprecated, use `iteration_range` instead.
- Val2024: eta=0.05, max_depth= 8, gamma=0, colsample_bytree=0.7, min_child_weight=1, subsample=0.7, nrounds=2000 
+ Val2024: eta=0.05, max_depth=10, gamma=0, colsample_bytree=0.7, min_child_weight=1, subsample=0.7, nrounds=2000 
[17:18:24] WARNING: src/c_api/c_api.cc:935: `ntree_limit` is deprecated, use `iteration_range` instead.
[17:18:24] WARNING: src/c_api/c_api.cc:935: `ntree_limit` is deprecated, use `iteration_range` instead.
- Val2024: eta=0.05, max_depth=10, gamma=0, colsample_bytree=0.7, min_child_weight=1, subsample=0.7, nrounds=2000 
+ Val2024: eta=0.10, max_depth= 6, gamma=0, colsample_bytree=0.7, min_child_weight=1, subsample=0.7, nrounds=2000 
[17:19:35] WARNING: src/c_api/c_api.cc:935: `ntree_limit` is deprecated, use `iteration_range` instead.
[17:19:36] WARNING: src/c_api/c_api.cc:935: `ntree_limit` is deprecated, use `iteration_range` instead.
- Val2024: eta=0.10, max_depth= 6, gamma=0, colsample_bytree=0.7, min_child_weight=1, subsample=0.7, nrounds=2000 
+ Val2024: eta=0.10, max_depth= 8, gamma=0, colsample_bytree=0.7, min_child_weight=1, subsample=0.7, nrounds=2000 
[17:21:11] WARNING: src/c_api/c_api.cc:935: `ntree_limit` is deprecated, use `iteration_range` instead.
[17:21:11] WARNING: src/c_api/c_api.cc:935: `ntree_limit` is deprecated, use `iteration_range` instead.
- Val2024: eta=0.10, max_depth= 8, gamma=0, colsample_bytree=0.7, min_child_weight=1, subsample=0.7, nrounds=2000 
+ Val2024: eta=0.10, max_depth=10, gamma=0, colsample_bytree=0.7, min_child_weight=1, subsample=0.7, nrounds=2000 
[17:23:12] WARNING: src/c_api/c_api.cc:935: `ntree_limit` is deprecated, use `iteration_range` instead.
[17:23:12] WARNING: src/c_api/c_api.cc:935: `ntree_limit` is deprecated, use `iteration_range` instead.
- Val2024: eta=0.10, max_depth=10, gamma=0, colsample_bytree=0.7, min_child_weight=1, subsample=0.7, nrounds=2000 
+ Val2024: eta=0.20, max_depth= 6, gamma=0, colsample_bytree=0.7, min_child_weight=1, subsample=0.7, nrounds=2000 
[17:24:24] WARNING: src/c_api/c_api.cc:935: `ntree_limit` is deprecated, use `iteration_range` instead.
[17:24:24] WARNING: src/c_api/c_api.cc:935: `ntree_limit` is deprecated, use `iteration_range` instead.
- Val2024: eta=0.20, max_depth= 6, gamma=0, colsample_bytree=0.7, min_child_weight=1, subsample=0.7, nrounds=2000 
+ Val2024: eta=0.20, max_depth= 8, gamma=0, colsample_bytree=0.7, min_child_weight=1, subsample=0.7, nrounds=2000 
[17:26:06] WARNING: src/c_api/c_api.cc:935: `ntree_limit` is deprecated, use `iteration_range` instead.
[17:26:06] WARNING: src/c_api/c_api.cc:935: `ntree_limit` is deprecated, use `iteration_range` instead.
- Val2024: eta=0.20, max_depth= 8, gamma=0, colsample_bytree=0.7, min_child_weight=1, subsample=0.7, nrounds=2000 
+ Val2024: eta=0.20, max_depth=10, gamma=0, colsample_bytree=0.7, min_child_weight=1, subsample=0.7, nrounds=2000 
[17:28:09] WARNING: src/c_api/c_api.cc:935: `ntree_limit` is deprecated, use `iteration_range` instead.
[17:28:09] WARNING: src/c_api/c_api.cc:935: `ntree_limit` is deprecated, use `iteration_range` instead.
- Val2024: eta=0.20, max_depth=10, gamma=0, colsample_bytree=0.7, min_child_weight=1, subsample=0.7, nrounds=2000 
Aggregating results
Selecting tuning parameters
Fitting nrounds = 2000, max_depth = 6, eta = 0.2, gamma = 0, colsample_bytree = 0.7, min_child_weight = 1, subsample = 0.7 on full training set
eXtreme Gradient Boosting 

196674 samples
    12 predictor

No pre-processing
Resampling: Cross-Validated (10 fold) 
Summary of sample sizes: 64052, 87365, 116417, 143119, 168859 
Resampling results across tuning parameters:

  eta   max_depth  nrounds  RMSE        Rsquared   MAE       
  0.05   6         1000     0.08645576  0.9644760  0.07129238
  0.05   6         1500     0.08311916  0.9652214  0.06796004
  0.05   6         2000     0.08078653  0.9655407  0.06559854
  0.05   8         1000     0.08190999  0.9652917  0.06661730
  0.05   8         1500     0.07875429  0.9654134  0.06332183
  0.05   8         2000     0.07701204  0.9652754  0.06144966
  0.05  10         1000     0.07976646  0.9651560  0.06412915
  0.05  10         1500     0.07790166  0.9647009  0.06204000
  0.05  10         2000     0.07695702  0.9642236  0.06093675
  0.10   6         1000     0.08133675  0.9645131  0.06590003
  0.10   6         1500     0.07804817  0.9647240  0.06255128
  0.10   6         2000     0.07595785  0.9646706  0.06037390
  0.10   8         1000     0.07755519  0.9644907  0.06184177
  0.10   8         1500     0.07575034  0.9639355  0.05982433
  0.10   8         2000     0.07485369  0.9634332  0.05878570
  0.10  10         1000     0.07729546  0.9632976  0.06116529
  0.10  10         1500     0.07661401  0.9624339  0.06027825
  0.10  10         2000     0.07642574  0.9617604  0.05995152
  0.20   6         1000     0.07709571  0.9628017  0.06112694
  0.20   6         1500     0.07460319  0.9624612  0.05846716
  0.20   6         2000     0.07341469  0.9620123  0.05720520
  0.20   8         1000     0.07604469  0.9612666  0.05950594
  0.20   8         1500     0.07529932  0.9603246  0.05855640
  0.20   8         2000     0.07514693  0.9594594  0.05824601
  0.20  10         1000     0.07826623  0.9591143  0.06132451
  0.20  10         1500     0.07822475  0.9582088  0.06113449
  0.20  10         2000     0.07821047  0.9576930  0.06106198

Tuning parameter 'gamma' was held constant at a value of 0
Tuning

Tuning parameter 'min_child_weight' was held constant at a value of 1

Tuning parameter 'subsample' was held constant at a value of 0.7
RMSE was used to select the optimal model using the smallest value.
The final values used for the model were nrounds = 2000, max_depth = 6, eta
 = 0.2, gamma = 0, colsample_bytree = 0.7, min_child_weight = 1 and subsample
 = 0.7.
          model     parameter chosen grid_min grid_max grid_size at_edge
1 Random Forest          mtry  4e+01    2e+01    4e+01         3   upper
2 Random Forest min.node.size  3e+00    3e+00    5e+00         2   lower
3       XGBoost       nrounds  2e+03    1e+03    2e+03         3   upper
4       XGBoost     max_depth  6e+00    6e+00    1e+01         3   lower
5       XGBoost           eta  2e-01    5e-02    2e-01         3   upper
Tuning check: 5 tuned parameters, 5 at a grid edge
# A tibble: 5 ├ù 7
  model         parameter     chosen grid_min grid_max grid_size at_edge
  <chr>         <chr>          <dbl>    <dbl>    <dbl>     <int> <chr>  
1 Random Forest mtry            40      20        40           3 upper  
2 Random Forest min.node.size    3       3         5           2 lower  
3 XGBoost       nrounds       2000    1000      2000           3 upper  
4 XGBoost       max_depth        6       6        10           3 lower  
5 XGBoost       eta              0.2     0.05      0.2         3 upper  
Warning messages:
1: Random Forest: tuning stopped at the grid edge for mtry, min.node.size. Widen the grid or justify the bound. 
2: XGBoost: tuning stopped at the grid edge for nrounds, max_depth, eta. Widen the grid or justify the bound. 

OK   scripts/08_model_advanced.R  76m 26s

==============================================================================
RUN  scripts/09_compare_models.R   (17:31:24)
==============================================================================
- The project is out-of-sync -- use `renv::status()` for details.
ΓöÇΓöÇ Attaching core tidyverse packages ΓöÇΓöÇΓöÇΓöÇΓöÇΓöÇΓöÇΓöÇΓöÇΓöÇΓöÇΓöÇΓöÇΓöÇΓöÇΓöÇΓöÇΓöÇΓöÇΓöÇΓöÇΓöÇΓöÇΓöÇ tidyverse 2.0.0 ΓöÇΓöÇ
Γ£ö dplyr     1.1.4     Γ£ö readr     2.1.5
Γ£ö forcats   1.0.1     Γ£ö stringr   1.5.2
Γ£ö ggplot2   4.0.1     Γ£ö tibble    3.3.0
Γ£ö lubridate 1.9.4     Γ£ö tidyr     1.3.1
Γ£ö purrr     1.2.0     
ΓöÇΓöÇ Conflicts ΓöÇΓöÇΓöÇΓöÇΓöÇΓöÇΓöÇΓöÇΓöÇΓöÇΓöÇΓöÇΓöÇΓöÇΓöÇΓöÇΓöÇΓöÇΓöÇΓöÇΓöÇΓöÇΓöÇΓöÇΓöÇΓöÇΓöÇΓöÇΓöÇΓöÇΓöÇΓöÇΓöÇΓöÇΓöÇΓöÇΓöÇΓöÇΓöÇΓöÇΓöÇΓöÇ tidyverse_conflicts() ΓöÇΓöÇ
Γ£û dplyr::filter() masks stats::filter()
Γ£û dplyr::lag()    masks stats::lag()
Γä╣ Use the conflicted package (<http://conflicted.r-lib.org/>) to force all conflicts to become errors
Loading required package: lattice

Attaching package: 'caret'

The following object is masked from 'package:purrr':

    lift


Attaching package: 'xgboost'

The following object is masked from 'package:dplyr':

    slice

Train 2017-2024: 196674 rows
Test  2025-2026: 41061 rows
# A tibble: 8 ├ù 4
  Model         CV_RMSE_log CV_MAE_log CV_R2
  <chr>               <dbl>      <dbl> <dbl>
1 XGBoost            0.0734     0.0572 0.962
2 Random Forest      0.0913     0.0745 0.960
3 Stepwise AIC       0.127      0.104  0.913
4 OLS Baseline       0.127      0.104  0.913
5 Lasso              0.127      0.105  0.912
6 Elastic Net        0.127      0.105  0.912
7 Ridge              0.131      0.109  0.908
8 Median $/sqm       0.193      0.142  0.710
Selected on CV RMSE: XGBoost
Smearing factor: 1.00075 (raises predictions by 0.07%)
# A tibble: 2 ├ù 8
  Backtransform        n RMSE_SGD MAE_SGD MAPE_pct MedAPE_pct    R2 Bias_SGD
  <chr>            <int>    <dbl>   <dbl>    <dbl>      <dbl> <dbl>    <dbl>
1 exp() only       41061   40271.  29088.     4.49       3.51 0.962    2363.
2 exp() x smearing 41061   40301.  29117.     4.50       3.51 0.962    2853.
# A tibble: 1 ├ù 8
  Model       n RMSE_SGD MAE_SGD MAPE_pct MedAPE_pct    R2 Bias_SGD
  <chr>   <int>    <dbl>   <dbl>    <dbl>      <dbl> <dbl>    <dbl>
1 XGBoost 41061   40301.  29117.     4.50       3.51 0.962    2853.
# A tibble: 2 ├ù 8
  resale_year     n RMSE_SGD MAE_SGD MAPE_pct MedAPE_pct    R2 Bias_SGD
        <dbl> <int>    <dbl>   <dbl>    <dbl>      <dbl> <dbl>    <dbl>
1        2025 25072   35344.  25244.     3.85       3.07 0.97    -5300.
2        2026 15989   47033.  35189.     5.52       4.46 0.952   15639.
# A tibble: 7 ├ù 8
  flat_type            n RMSE_SGD MAE_SGD MAPE_pct MedAPE_pct     R2 Bias_SGD
  <fct>            <int>    <dbl>   <dbl>    <dbl>      <dbl>  <dbl>    <dbl>
1 1 ROOM              12   17024.  13793.     5.32       5.40 -1.55      521.
2 2 ROOM            1331   23182.  17212.     4.64       3.76  0.730     930.
3 3 ROOM            9879   30100.  22662.     4.95       3.84  0.927    2313.
4 4 ROOM           17873   38599.  28792.     4.32       3.40  0.946    4669.
5 5 ROOM            9519   48122.  34551.     4.34       3.37  0.929    1959.
6 EXECUTIVE         2439   58398.  42931.     4.54       3.65  0.829   -3695.
7 MULTI-GENERATION     8   61948.  52453.     4.84       4.12  0.714   -3813.
# A tibble: 10 ├ù 8
   town              n RMSE_SGD MAE_SGD MAPE_pct MedAPE_pct    R2 Bias_SGD
   <fct>         <int>    <dbl>   <dbl>    <dbl>      <dbl> <dbl>    <dbl>
 1 MARINE PARADE   241   59002.  43304.     6.50       5.61 0.926  -16069.
 2 QUEENSTOWN     1104   61730.  45842.     6.04       4.91 0.964   -9775.
 3 CENTRAL AREA    283   64973.  48842.     5.73       4.74 0.974  -24470.
 4 BUKIT TIMAH      89   67559.  55263.     5.69       5.18 0.947  -10277.
 5 BISHAN          628   60538.  45117.     5.38       4.19 0.942    1648.
 6 BUKIT MERAH    1534   50479.  37835.     5.30       3.99 0.970    3557.
 7 ANG MO KIO     1530   45851.  31538.     5.25       4.03 0.966    8081.
 8 BEDOK          2019   45590.  31756.     5.23       4.22 0.951    4290.
 9 SERANGOON       637   48610.  36502.     5.22       4.30 0.947   -1188.
10 JURONG EAST     787   39633.  28541.     5.14       3.84 0.949    8615.
# A tibble: 10 ├ù 8
   price_decile     n RMSE_SGD MAE_SGD MAPE_pct MedAPE_pct     R2 Bias_SGD
          <int> <int>    <dbl>   <dbl>    <dbl>      <dbl>  <dbl>    <dbl>
 1            1  4107   28221.  20869.     5.78       4.34  0.217   11221.
 2            2  4106   29067.  22080.     4.99       3.96 -0.907    3419.
 3            3  4106   31338.  23349.     4.58       3.53 -2.66     7814.
 4            4  4106   31807.  23952.     4.28       3.37 -4.41     5532.
 5            5  4106   33429.  25734.     4.24       3.42 -5.86     6543.
 6            6  4106   34209.  26174.     4.03       3.14 -6.49     6263.
 7            7  4106   36723.  28485.     4.07       3.35 -3.70     2738.
 8            8  4106   40460.  30702.     3.99       3.10 -2.01     3538.
 9            9  4106   47506.  36552.     4.22       3.37 -0.608    1464.
10           10  4106   71249.  53274.     4.81       3.86  0.736  -20001.
Metrics written to output/metrics/

OK   scripts/09_compare_models.R  31.8s

==============================================================================
RUN  scripts/10_build_app_bundle.R   (17:31:56)
==============================================================================
- The project is out-of-sync -- use `renv::status()` for details.
ΓöÇΓöÇ Attaching core tidyverse packages ΓöÇΓöÇΓöÇΓöÇΓöÇΓöÇΓöÇΓöÇΓöÇΓöÇΓöÇΓöÇΓöÇΓöÇΓöÇΓöÇΓöÇΓöÇΓöÇΓöÇΓöÇΓöÇΓöÇΓöÇ tidyverse 2.0.0 ΓöÇΓöÇ
Γ£ö dplyr     1.1.4     Γ£ö readr     2.1.5
Γ£ö forcats   1.0.1     Γ£ö stringr   1.5.2
Γ£ö ggplot2   4.0.1     Γ£ö tibble    3.3.0
Γ£ö lubridate 1.9.4     Γ£ö tidyr     1.3.1
Γ£ö purrr     1.2.0     
ΓöÇΓöÇ Conflicts ΓöÇΓöÇΓöÇΓöÇΓöÇΓöÇΓöÇΓöÇΓöÇΓöÇΓöÇΓöÇΓöÇΓöÇΓöÇΓöÇΓöÇΓöÇΓöÇΓöÇΓöÇΓöÇΓöÇΓöÇΓöÇΓöÇΓöÇΓöÇΓöÇΓöÇΓöÇΓöÇΓöÇΓöÇΓöÇΓöÇΓöÇΓöÇΓöÇΓöÇΓöÇΓöÇ tidyverse_conflicts() ΓöÇΓöÇ
Γ£û dplyr::filter() masks stats::filter()
Γ£û dplyr::lag()    masks stats::lag()
Γä╣ Use the conflicted package (<http://conflicted.r-lib.org/>) to force all conflicts to become errors
Loading required package: lattice

Attaching package: 'caret'

The following object is masked from 'package:purrr':

    lift


Attaching package: 'xgboost'

The following object is masked from 'package:dplyr':

    slice

Deploying: XGBoost
Train 2017-2024: 196674 rows
Test  2025-2026: 41061 rows
Prediction band: global 0.965x to 1.127x, with per-flat-type bands for 5 types
App bundle built: 9733 addresses, 237735 transactions, 22.3 MB

OK   scripts/10_build_app_bundle.R  9.6s

==============================================================================
PIPELINE COMPLETE   total 77m 08s

  scripts/08_model_advanced.R                 76m 26s
  scripts/09_compare_models.R                   31.8s
  scripts/10_build_app_bundle.R                  9.6s

Timings written to output/pipeline_timings.csv
